mode: atomic
github.com/renjfk/tash/internal/tui/prompt.go:47.37,49.2 1 1
github.com/renjfk/tash/internal/tui/prompt.go:51.63,52.27 1 4
github.com/renjfk/tash/internal/tui/prompt.go:53.18,54.23 1 4
github.com/renjfk/tash/internal/tui/prompt.go:55.16,58.22 3 1
github.com/renjfk/tash/internal/tui/prompt.go:59.29,62.22 3 2
github.com/renjfk/tash/internal/tui/prompt.go:65.2,65.15 1 1
github.com/renjfk/tash/internal/tui/prompt.go:68.36,69.12 1 3
github.com/renjfk/tash/internal/tui/prompt.go:69.12,71.3 1 1
github.com/renjfk/tash/internal/tui/prompt.go:73.2,75.30 2 2
github.com/renjfk/tash/internal/tui/prompt.go:75.30,78.3 2 1
github.com/renjfk/tash/internal/tui/prompt.go:80.2,86.19 5 2
github.com/renjfk/tash/internal/tui/prompt.go:91.52,97.16 5 0
github.com/renjfk/tash/internal/tui/prompt.go:97.16,99.3 1 0
github.com/renjfk/tash/internal/tui/prompt.go:101.2,101.36 1 0
github.com/renjfk/tash/internal/tui/prompt.go:108.19,110.70 1 0
github.com/renjfk/tash/internal/tui/prompt.go:110.70,112.3 1 0
github.com/renjfk/tash/internal/tui/prompt.go:113.2,114.6 2 0
github.com/renjfk/tash/internal/tui/prompt.go:114.6,116.17 2 0
github.com/renjfk/tash/internal/tui/prompt.go:116.17,117.9 1 0
github.com/renjfk/tash/internal/tui/prompt.go:120.2,120.52 1 0
github.com/renjfk/tash/internal/tui/spinner.go:49.26,53.11 4 1959
github.com/renjfk/tash/internal/tui/spinner.go:53.11,55.3 1 0
github.com/renjfk/tash/internal/tui/spinner.go:56.2,56.10 1 1959
github.com/renjfk/tash/internal/tui/spinner.go:61.29,66.24 3 359
github.com/renjfk/tash/internal/tui/spinner.go:66.24,69.54 3 989
github.com/renjfk/tash/internal/tui/spinner.go:69.54,71.4 1 24
github.com/renjfk/tash/internal/tui/spinner.go:72.3,73.13 2 965
github.com/renjfk/tash/internal/tui/spinner.go:77.2,77.17 1 335
github.com/renjfk/tash/internal/tui/spinner.go:77.17,79.3 1 2
github.com/renjfk/tash/internal/tui/spinner.go:83.2,85.19 3 333
github.com/renjfk/tash/internal/tui/spinner.go:85.19,88.25 3 766
github.com/renjfk/tash/internal/tui/spinner.go:88.25,90.26 2 333
github.com/renjfk/tash/internal/tui/spinner.go:90.26,92.5 1 247
github.com/renjfk/tash/internal/tui/spinner.go:93.4,93.24 1 86
github.com/renjfk/tash/internal/tui/spinner.go:95.3,96.8 2 433
github.com/renjfk/tash/internal/tui/spinner.go:99.2,99.22 1 0
github.com/renjfk/tash/internal/tui/spinner.go:127.24,129.2 1 11
github.com/renjfk/tash/internal/tui/spinner.go:132.46,137.17 3 12
github.com/renjfk/tash/internal/tui/spinner.go:137.17,144.3 1 6
github.com/renjfk/tash/internal/tui/spinner.go:145.2,148.21 2 6
github.com/renjfk/tash/internal/tui/spinner.go:148.21,156.3 1 2
github.com/renjfk/tash/internal/tui/spinner.go:157.2,160.17 2 4
github.com/renjfk/tash/internal/tui/spinner.go:160.17,167.3 1 2
github.com/renjfk/tash/internal/tui/spinner.go:168.2,177.3 2 2
github.com/renjfk/tash/internal/tui/spinner.go:184.50,186.15 2 61
github.com/renjfk/tash/internal/tui/spinner.go:186.15,188.3 1 44
github.com/renjfk/tash/internal/tui/spinner.go:188.8,190.3 1 17
github.com/renjfk/tash/internal/tui/spinner.go:192.2,192.17 1 61
github.com/renjfk/tash/internal/tui/spinner.go:192.17,194.3 1 17
github.com/renjfk/tash/internal/tui/spinner.go:196.2,196.15 1 44
github.com/renjfk/tash/internal/tui/spinner.go:196.15,198.3 1 6
github.com/renjfk/tash/internal/tui/spinner.go:199.2,199.33 1 38
github.com/renjfk/tash/internal/tui/spinner.go:199.33,201.3 1 9
github.com/renjfk/tash/internal/tui/spinner.go:202.2,202.11 1 29
github.com/renjfk/tash/internal/tui/spinner.go:205.28,206.11 1 518
github.com/renjfk/tash/internal/tui/spinner.go:206.11,208.3 1 1
github.com/renjfk/tash/internal/tui/spinner.go:209.2,209.13 1 517
github.com/renjfk/tash/internal/tui/spinner.go:209.13,211.3 1 1
github.com/renjfk/tash/internal/tui/spinner.go:212.2,212.15 1 516
github.com/renjfk/tash/internal/tui/spinner.go:215.33,224.2 2 175
github.com/renjfk/tash/internal/tui/spinner.go:234.38,236.2 1 1
github.com/renjfk/tash/internal/tui/spinner.go:238.64,239.27 1 6
github.com/renjfk/tash/internal/tui/spinner.go:240.15,242.31 2 2
github.com/renjfk/tash/internal/tui/spinner.go:242.31,245.4 2 1
github.com/renjfk/tash/internal/tui/spinner.go:246.3,246.19 1 2
github.com/renjfk/tash/internal/tui/spinner.go:247.16,249.16 2 1
github.com/renjfk/tash/internal/tui/spinner.go:250.15,252.21 2 1
github.com/renjfk/tash/internal/tui/spinner.go:253.18,254.31 1 2
github.com/renjfk/tash/internal/tui/spinner.go:254.31,257.4 2 1
github.com/renjfk/tash/internal/tui/spinner.go:259.2,259.15 1 1
github.com/renjfk/tash/internal/tui/spinner.go:262.37,263.16 1 8
github.com/renjfk/tash/internal/tui/spinner.go:263.16,265.3 1 1
github.com/renjfk/tash/internal/tui/spinner.go:267.2,272.36 4 7
github.com/renjfk/tash/internal/tui/spinner.go:272.36,275.3 2 2
github.com/renjfk/tash/internal/tui/spinner.go:275.8,275.44 1 5
github.com/renjfk/tash/internal/tui/spinner.go:275.44,277.16 2 5
github.com/renjfk/tash/internal/tui/spinner.go:277.16,279.4 1 0
github.com/renjfk/tash/internal/tui/spinner.go:280.3,281.50 2 5
github.com/renjfk/tash/internal/tui/spinner.go:282.8,284.3 1 0
github.com/renjfk/tash/internal/tui/spinner.go:286.2,292.32 6 7
github.com/renjfk/tash/internal/tui/spinner.go:292.32,294.33 2 56
github.com/renjfk/tash/internal/tui/spinner.go:294.33,296.4 1 16
github.com/renjfk/tash/internal/tui/spinner.go:296.9,298.4 1 40
github.com/renjfk/tash/internal/tui/spinner.go:301.2,305.27 4 7
github.com/renjfk/tash/internal/tui/spinner.go:305.27,307.3 1 2
github.com/renjfk/tash/internal/tui/spinner.go:309.2,309.19 1 7
github.com/renjfk/tash/internal/tui/spinner.go:312.21,314.39 1 3
github.com/renjfk/tash/internal/tui/spinner.go:314.39,316.4 1 0
github.com/renjfk/tash/internal/tui/spinner.go:327.40,344.12 4 0
github.com/renjfk/tash/internal/tui/spinner.go:344.12,347.3 2 0
github.com/renjfk/tash/internal/tui/spinner.go:349.2,349.11 1 0
github.com/renjfk/tash/internal/tui/spinner.go:353.42,355.2 1 0
github.com/renjfk/tash/internal/tui/spinner.go:358.26,361.2 2 0
github.com/renjfk/tash/internal/tui/theme.go:61.27,63.2 1 3
github.com/renjfk/tash/internal/tui/theme.go:66.45,69.2 2 2
github.com/renjfk/tash/internal/tui/theme.go:71.54,74.18 2 26
github.com/renjfk/tash/internal/tui/theme.go:74.18,78.3 3 3
github.com/renjfk/tash/internal/tui/theme.go:78.8,78.39 1 23
github.com/renjfk/tash/internal/tui/theme.go:78.39,81.3 2 22
github.com/renjfk/tash/internal/tui/theme.go:81.8,85.3 3 1
github.com/renjfk/tash/internal/tui/theme.go:87.2,88.10 2 26
github.com/renjfk/tash/internal/tui/theme.go:91.29,92.32 1 27
github.com/renjfk/tash/internal/tui/theme.go:92.32,96.12 3 162
github.com/renjfk/tash/internal/tui/theme.go:97.10,98.15 1 27
github.com/renjfk/tash/internal/tui/theme.go:99.10,103.29 4 27
github.com/renjfk/tash/internal/tui/theme.go:104.11,105.40 1 108
github.com/renjfk/tash/internal/tui/theme.go:108.3,111.37 4 162
github.com/renjfk/tash/internal/tui/theme.go:118.43,119.35 1 16
github.com/renjfk/tash/internal/tui/theme.go:119.35,121.3 1 13
github.com/renjfk/tash/internal/tui/theme.go:122.2,123.19 2 16
github.com/renjfk/tash/internal/tui/theme.go:123.19,125.3 1 5
github.com/renjfk/tash/internal/tui/theme.go:126.2,127.16 2 11
github.com/renjfk/tash/internal/tui/theme.go:127.16,129.3 1 1
github.com/renjfk/tash/internal/tui/theme.go:130.2,131.16 2 10
github.com/renjfk/tash/internal/tui/theme.go:131.16,133.3 1 1
github.com/renjfk/tash/internal/tui/theme.go:134.2,135.16 2 9
github.com/renjfk/tash/internal/tui/theme.go:135.16,137.3 1 1
github.com/renjfk/tash/internal/tui/theme.go:138.2,138.31 1 8
github.com/renjfk/tash/internal/tui/theme.go:141.24,145.2 3 2
github.com/renjfk/tash/internal/tui/theme.go:148.50,153.2 4 9
github.com/renjfk/tash/internal/tui/theme.go:156.28,162.2 1 2
github.com/renjfk/tash/internal/tui/theme.go:165.31,167.2 1 1
github.com/renjfk/tash/internal/query/query.go:17.104,49.66 17 0
github.com/renjfk/tash/internal/query/query.go:49.66,50.27 1 0
github.com/renjfk/tash/internal/query/query.go:50.27,52.4 1 0
github.com/renjfk/tash/internal/query/query.go:54.3,60.30 2 0
github.com/renjfk/tash/internal/query/query.go:60.30,62.4 1 0
github.com/renjfk/tash/internal/query/query.go:64.3,71.17 2 0
github.com/renjfk/tash/internal/query/query.go:71.17,76.12 5 0
github.com/renjfk/tash/internal/query/query.go:79.3,79.136 1 0
github.com/renjfk/tash/internal/query/query.go:79.136,81.4 1 0
github.com/renjfk/tash/internal/query/query.go:83.3,86.17 3 0
github.com/renjfk/tash/internal/query/query.go:86.17,91.12 5 0
github.com/renjfk/tash/internal/query/query.go:94.3,95.31 2 0
github.com/renjfk/tash/internal/query/query.go:95.31,98.4 2 0
github.com/renjfk/tash/internal/query/query.go:101.3,101.37 1 0
github.com/renjfk/tash/internal/query/query.go:101.37,103.4 1 0
github.com/renjfk/tash/internal/query/query.go:104.3,106.17 3 0
github.com/renjfk/tash/internal/query/query.go:107.19,109.22 2 0
github.com/renjfk/tash/internal/query/query.go:110.19,114.38 4 0
github.com/renjfk/tash/internal/query/query.go:114.38,117.5 1 0
github.com/renjfk/tash/internal/query/query.go:118.4,119.21 2 0
github.com/renjfk/tash/internal/query/query.go:119.21,121.5 1 0
github.com/renjfk/tash/internal/query/query.go:122.4,125.12 4 0
github.com/renjfk/tash/internal/query/query.go:126.20,130.12 4 0
github.com/renjfk/tash/internal/query/query.go:131.11,133.33 2 0
github.com/renjfk/tash/internal/query/query.go:133.33,135.5 1 0
github.com/renjfk/tash/internal/query/query.go:136.4,138.32 3 0
github.com/renjfk/tash/internal/query/query.go:142.2,144.113 3 0
github.com/renjfk/tash/internal/query/query.go:154.60,155.30 1 7
github.com/renjfk/tash/internal/query/query.go:155.30,156.66 1 7
github.com/renjfk/tash/internal/query/query.go:156.66,158.4 1 4
github.com/renjfk/tash/internal/query/query.go:160.2,160.14 1 3
github.com/renjfk/tash/internal/query/query.go:174.17,177.35 2 9
github.com/renjfk/tash/internal/query/query.go:177.35,178.54 1 10
github.com/renjfk/tash/internal/query/query.go:178.54,181.4 2 2
github.com/renjfk/tash/internal/query/query.go:181.9,181.56 1 8
github.com/renjfk/tash/internal/query/query.go:181.56,187.4 5 1
github.com/renjfk/tash/internal/query/query.go:191.2,191.35 1 9
github.com/renjfk/tash/internal/query/query.go:191.35,192.28 1 10
github.com/renjfk/tash/internal/query/query.go:192.28,196.4 3 3
github.com/renjfk/tash/internal/query/query.go:198.3,198.86 1 7
github.com/renjfk/tash/internal/query/query.go:198.86,199.28 1 3
github.com/renjfk/tash/internal/query/query.go:199.28,201.5 1 1
github.com/renjfk/tash/internal/query/query.go:204.4,205.40 2 3
github.com/renjfk/tash/internal/query/query.go:205.40,208.43 3 3
github.com/renjfk/tash/internal/query/query.go:208.43,212.6 3 1
github.com/renjfk/tash/internal/query/query.go:214.4,214.22 1 3
github.com/renjfk/tash/internal/query/query.go:214.22,217.5 2 1
github.com/renjfk/tash/internal/query/query.go:220.4,220.29 1 2
github.com/renjfk/tash/internal/query/query.go:220.29,224.5 3 1
github.com/renjfk/tash/internal/query/query.go:226.4,228.29 3 1
github.com/renjfk/tash/internal/query/query.go:232.2,232.11 1 3
github.com/renjfk/tash/internal/query/query.go:232.11,234.3 1 1
github.com/renjfk/tash/internal/query/query.go:235.2,235.26 1 2
github.com/renjfk/tash/internal/query/query.go:240.131,247.35 4 9
github.com/renjfk/tash/internal/query/query.go:247.35,249.3 1 1
github.com/renjfk/tash/internal/query/query.go:250.2,250.34 1 9
github.com/renjfk/tash/internal/query/query.go:250.34,251.67 1 2
github.com/renjfk/tash/internal/query/query.go:251.67,253.4 1 2
github.com/renjfk/tash/internal/query/query.go:257.2,258.33 2 9
github.com/renjfk/tash/internal/query/query.go:258.33,259.15 1 2
github.com/renjfk/tash/internal/query/query.go:259.15,262.4 2 0
github.com/renjfk/tash/internal/query/query.go:264.2,264.35 1 9
github.com/renjfk/tash/internal/query/query.go:264.35,265.15 1 11
github.com/renjfk/tash/internal/query/query.go:265.15,268.4 2 7
github.com/renjfk/tash/internal/query/query.go:272.2,272.16 1 9
github.com/renjfk/tash/internal/query/query.go:272.16,274.3 1 1
github.com/renjfk/tash/internal/query/query.go:275.2,275.24 1 9
github.com/renjfk/tash/internal/query/query.go:275.24,277.3 1 0
github.com/renjfk/tash/internal/query/query.go:279.2,279.21 1 9
github.com/renjfk/tash/internal/query/query.go:279.21,281.3 1 3
github.com/renjfk/tash/internal/query/query.go:283.2,284.18 2 6
github.com/renjfk/tash/internal/query/query.go:284.18,286.3 1 4
github.com/renjfk/tash/internal/query/query.go:287.2,287.50 1 6
github.com/renjfk/tash/internal/query/query.go:295.16,299.40 2 4
github.com/renjfk/tash/internal/query/query.go:299.40,301.3 1 4
github.com/renjfk/tash/internal/query/query.go:304.2,307.67 2 4
github.com/renjfk/tash/internal/query/query.go:307.67,309.3 1 4
github.com/renjfk/tash/internal/query/query.go:309.8,311.3 1 0
github.com/renjfk/tash/internal/query/query.go:313.2,313.17 1 4
github.com/renjfk/tash/internal/query/query.go:316.77,321.17 3 3
github.com/renjfk/tash/internal/query/query.go:321.17,324.3 2 1
github.com/renjfk/tash/internal/query/query.go:326.2,327.20 2 3
github.com/renjfk/tash/internal/query/query.go:327.20,331.3 3 1
github.com/renjfk/tash/internal/query/query.go:333.2,333.19 1 3
github.com/renjfk/tash/internal/query/query.go:341.103,342.24 1 2
github.com/renjfk/tash/internal/query/query.go:342.24,346.3 2 2
github.com/renjfk/tash/internal/query/query.go:349.2,349.31 1 0
github.com/renjfk/tash/internal/query/query.go:349.31,352.13 2 0
github.com/renjfk/tash/internal/query/query.go:352.13,354.4 1 0
github.com/renjfk/tash/internal/query/query.go:357.3,357.27 1 0
github.com/renjfk/tash/internal/query/query.go:357.27,360.4 2 0
github.com/renjfk/tash/internal/query/query.go:363.3,369.17 2 0
github.com/renjfk/tash/internal/query/query.go:370.25,371.30 1 0
github.com/renjfk/tash/internal/query/query.go:372.11,375.13 3 0
github.com/renjfk/tash/internal/query/query.go:378.3,382.20 4 0
github.com/renjfk/tash/internal/query/query.go:382.20,389.32 3 0
github.com/renjfk/tash/internal/query/query.go:389.32,391.5 1 0
github.com/renjfk/tash/internal/query/query.go:395.2,395.11 1 0
github.com/renjfk/tash/internal/query/query.go:398.45,400.16 2 2
github.com/renjfk/tash/internal/query/query.go:401.16,402.36 1 1
github.com/renjfk/tash/internal/query/query.go:403.14,404.38 1 1
github.com/renjfk/tash/internal/query/query.go:406.2,406.73 1 2
github.com/renjfk/tash/internal/query/query.go:412.129,419.16 2 0
github.com/renjfk/tash/internal/query/query.go:420.24,421.33 1 0
github.com/renjfk/tash/internal/query/query.go:422.10,425.16 3 0
github.com/renjfk/tash/internal/query/query.go:428.2,433.18 4 0
github.com/renjfk/tash/internal/query/query.go:433.18,435.39 2 0
github.com/renjfk/tash/internal/query/query.go:435.39,437.4 1 0
github.com/renjfk/tash/internal/query/query.go:439.2,439.19 1 0
github.com/renjfk/tash/internal/query/query.go:439.19,441.3 1 0
github.com/renjfk/tash/internal/query/query.go:443.2,447.32 3 0
github.com/renjfk/tash/internal/query/query.go:447.32,449.3 1 0
github.com/renjfk/tash/internal/query/query.go:451.2,451.25 1 0
github.com/renjfk/tash/internal/query/query.go:455.55,460.16 4 0
github.com/renjfk/tash/internal/query/query.go:460.16,461.47 1 0
github.com/renjfk/tash/internal/query/query.go:461.47,463.4 1 0
github.com/renjfk/tash/internal/query/query.go:464.3,464.24 1 0
github.com/renjfk/tash/internal/query/query.go:466.2,466.23 1 0
github.com/renjfk/tash/internal/query/query.go:472.38,478.34 5 0
github.com/renjfk/tash/internal/query/query.go:478.34,479.47 1 0
github.com/renjfk/tash/internal/query/query.go:479.47,481.4 1 0
github.com/renjfk/tash/internal/query/query.go:482.3,482.11 1 0
github.com/renjfk/tash/internal/query/query.go:484.2,484.10 1 0
github.com/renjfk/tash/internal/query/query.go:488.31,490.2 1 5
github.com/renjfk/tash/internal/query/validator.go:10.38,13.2 2 5
github.com/renjfk/tash/internal/query/validator.go:16.45,18.15 2 15
github.com/renjfk/tash/internal/query/validator.go:18.15,20.3 1 2
github.com/renjfk/tash/internal/query/validator.go:23.2,23.19 1 13
github.com/renjfk/tash/internal/query/validator.go:23.19,25.19 2 16
github.com/renjfk/tash/internal/query/validator.go:25.19,26.9 1 1
github.com/renjfk/tash/internal/query/validator.go:28.3,29.36 2 15
github.com/renjfk/tash/internal/query/validator.go:29.36,30.9 1 12
github.com/renjfk/tash/internal/query/validator.go:32.3,32.44 1 3
github.com/renjfk/tash/internal/query/validator.go:36.2,41.21 5 13
github.com/renjfk/tash/internal/query/validator.go:41.21,43.3 1 0
github.com/renjfk/tash/internal/query/validator.go:44.2,44.17 1 13
github.com/renjfk/tash/internal/data/config.go:49.30,71.2 1 10
github.com/renjfk/tash/internal/data/config.go:75.36,78.16 3 2
github.com/renjfk/tash/internal/data/config.go:78.16,80.3 1 0
github.com/renjfk/tash/internal/data/config.go:81.2,84.55 3 2
github.com/renjfk/tash/internal/data/config.go:84.55,86.3 1 1
github.com/renjfk/tash/internal/data/config.go:88.2,89.16 2 1
github.com/renjfk/tash/internal/data/config.go:89.16,91.3 1 0
github.com/renjfk/tash/internal/data/config.go:93.2,93.50 1 1
github.com/renjfk/tash/internal/data/config.go:93.50,95.3 1 0
github.com/renjfk/tash/internal/data/config.go:97.2,97.17 1 1
github.com/renjfk/tash/internal/data/config.go:101.35,103.2 1 2
github.com/renjfk/tash/internal/data/config.go:107.41,109.2 1 0
github.com/renjfk/tash/internal/data/config.go:112.34,114.2 1 2
github.com/renjfk/tash/internal/data/config.go:117.47,118.71 1 2
github.com/renjfk/tash/internal/data/config.go:118.71,121.3 2 1
github.com/renjfk/tash/internal/data/config.go:122.2,122.30 1 1
github.com/renjfk/tash/internal/data/config.go:128.42,130.49 2 2
github.com/renjfk/tash/internal/data/config.go:130.49,132.3 1 1
github.com/renjfk/tash/internal/data/config.go:134.2,135.16 2 1
github.com/renjfk/tash/internal/data/config.go:135.16,137.3 1 0
github.com/renjfk/tash/internal/data/config.go:138.2,138.45 1 1
github.com/renjfk/tash/internal/data/config.go:143.47,145.41 2 2
github.com/renjfk/tash/internal/data/config.go:145.41,147.3 1 1
github.com/renjfk/tash/internal/data/config.go:149.2,150.16 2 1
github.com/renjfk/tash/internal/data/config.go:150.16,152.3 1 0
github.com/renjfk/tash/internal/data/config.go:153.2,153.45 1 1
github.com/renjfk/tash/internal/data/config.go:156.39,158.22 2 2
github.com/renjfk/tash/internal/data/config.go:158.22,160.17 2 0
github.com/renjfk/tash/internal/data/config.go:160.17,162.4 1 0
github.com/renjfk/tash/internal/data/config.go:163.3,163.46 1 0
github.com/renjfk/tash/internal/data/config.go:166.2,167.51 2 2
github.com/renjfk/tash/internal/data/config.go:167.51,169.3 1 0
github.com/renjfk/tash/internal/data/config.go:171.2,171.21 1 2
github.com/renjfk/tash/internal/data/conversation.go:34.28,38.2 3 101
github.com/renjfk/tash/internal/data/conversation.go:49.38,54.2 1 23
github.com/renjfk/tash/internal/data/conversation.go:57.51,59.2 1 5
github.com/renjfk/tash/internal/data/conversation.go:64.79,67.22 2 5
github.com/renjfk/tash/internal/data/conversation.go:67.22,69.3 1 0
github.com/renjfk/tash/internal/data/conversation.go:70.2,73.16 3 5
github.com/renjfk/tash/internal/data/conversation.go:73.16,75.3 1 1
github.com/renjfk/tash/internal/data/conversation.go:77.2,77.29 1 4
github.com/renjfk/tash/internal/data/conversation.go:77.29,79.50 2 9
github.com/renjfk/tash/internal/data/conversation.go:79.50,80.12 1 0
github.com/renjfk/tash/internal/data/conversation.go:82.3,82.43 1 9
github.com/renjfk/tash/internal/data/conversation.go:85.2,87.19 3 4
github.com/renjfk/tash/internal/data/conversation.go:92.68,94.16 2 8
github.com/renjfk/tash/internal/data/conversation.go:94.16,96.3 1 1
github.com/renjfk/tash/internal/data/conversation.go:97.2,100.16 3 7
github.com/renjfk/tash/internal/data/conversation.go:100.16,102.3 1 0
github.com/renjfk/tash/internal/data/conversation.go:103.2,104.15 2 7
github.com/renjfk/tash/internal/data/conversation.go:104.15,106.3 1 1
github.com/renjfk/tash/internal/data/conversation.go:108.2,113.39 5 6
github.com/renjfk/tash/internal/data/conversation.go:113.39,115.21 2 6
github.com/renjfk/tash/internal/data/conversation.go:115.21,117.4 1 6
github.com/renjfk/tash/internal/data/conversation.go:118.3,121.47 3 6
github.com/renjfk/tash/internal/data/conversation.go:121.47,123.4 1 0
github.com/renjfk/tash/internal/data/conversation.go:126.3,126.24 1 6
github.com/renjfk/tash/internal/data/conversation.go:126.24,129.4 2 0
github.com/renjfk/tash/internal/data/conversation.go:132.3,132.45 1 6
github.com/renjfk/tash/internal/data/conversation.go:132.45,134.17 2 24
github.com/renjfk/tash/internal/data/conversation.go:134.17,138.10 3 5
github.com/renjfk/tash/internal/data/conversation.go:141.4,144.21 3 19
github.com/renjfk/tash/internal/data/conversation.go:144.21,146.5 1 13
github.com/renjfk/tash/internal/data/conversation.go:151.2,151.48 1 6
github.com/renjfk/tash/internal/data/conversation.go:151.48,152.24 1 5
github.com/renjfk/tash/internal/data/conversation.go:152.24,154.4 1 5
github.com/renjfk/tash/internal/data/conversation.go:158.2,158.54 1 6
github.com/renjfk/tash/internal/data/conversation.go:158.54,160.3 1 8
github.com/renjfk/tash/internal/data/conversation.go:161.2,161.19 1 6
github.com/renjfk/tash/internal/data/conversation.go:164.42,165.35 1 29
github.com/renjfk/tash/internal/data/conversation.go:165.35,166.16 1 970
github.com/renjfk/tash/internal/data/conversation.go:166.16,168.4 1 22
github.com/renjfk/tash/internal/data/conversation.go:170.2,170.11 1 7
github.com/renjfk/tash/internal/data/conversation.go:175.46,179.16 3 1
github.com/renjfk/tash/internal/data/conversation.go:179.16,181.3 1 0
github.com/renjfk/tash/internal/data/conversation.go:183.2,184.29 2 1
github.com/renjfk/tash/internal/data/conversation.go:184.29,186.50 2 4
github.com/renjfk/tash/internal/data/conversation.go:186.50,187.12 1 0
github.com/renjfk/tash/internal/data/conversation.go:189.3,189.25 1 4
github.com/renjfk/tash/internal/data/conversation.go:189.25,191.4 1 2
github.com/renjfk/tash/internal/data/conversation.go:194.2,196.29 3 1
github.com/renjfk/tash/internal/data/conversation.go:196.29,197.39 1 2
github.com/renjfk/tash/internal/data/conversation.go:197.39,199.4 1 0
github.com/renjfk/tash/internal/data/conversation.go:201.2,201.53 1 1
github.com/renjfk/tash/internal/data/conversation.go:205.46,207.63 2 2
github.com/renjfk/tash/internal/data/conversation.go:207.63,209.3 1 0
github.com/renjfk/tash/internal/data/conversation.go:210.2,210.12 1 2
github.com/renjfk/tash/internal/data/conversation.go:215.51,216.36 1 3
github.com/renjfk/tash/internal/data/conversation.go:216.36,218.3 1 0
github.com/renjfk/tash/internal/data/conversation.go:220.2,222.16 3 3
github.com/renjfk/tash/internal/data/conversation.go:222.16,224.3 1 0
github.com/renjfk/tash/internal/data/conversation.go:225.2,228.45 3 3
github.com/renjfk/tash/internal/data/conversation.go:228.45,229.39 1 4
github.com/renjfk/tash/internal/data/conversation.go:229.39,231.4 1 0
github.com/renjfk/tash/internal/data/conversation.go:234.2,235.12 2 3
github.com/renjfk/tash/internal/data/conversation.go:240.49,244.16 3 1
github.com/renjfk/tash/internal/data/conversation.go:244.16,246.3 1 0
github.com/renjfk/tash/internal/data/conversation.go:247.2,250.16 3 1
github.com/renjfk/tash/internal/data/conversation.go:250.16,252.3 1 0
github.com/renjfk/tash/internal/data/conversation.go:253.2,254.12 2 1
github.com/renjfk/tash/internal/data/conversation.go:259.50,267.2 2 6
github.com/renjfk/tash/internal/data/conversation.go:270.70,279.2 2 2
github.com/renjfk/tash/internal/data/conversation.go:282.47,290.2 2 5
github.com/renjfk/tash/internal/data/conversation.go:295.132,307.2 2 2
github.com/renjfk/tash/internal/data/conversation.go:311.114,322.2 2 261
github.com/renjfk/tash/internal/data/conversation.go:333.66,337.30 2 3
github.com/renjfk/tash/internal/data/conversation.go:337.30,338.24 1 27
github.com/renjfk/tash/internal/data/conversation.go:338.24,341.4 2 2
github.com/renjfk/tash/internal/data/conversation.go:344.2,345.60 2 3
github.com/renjfk/tash/internal/data/conversation.go:345.60,347.24 2 12
github.com/renjfk/tash/internal/data/conversation.go:347.24,348.12 1 2
github.com/renjfk/tash/internal/data/conversation.go:351.3,351.66 1 10
github.com/renjfk/tash/internal/data/conversation.go:351.66,352.12 1 1
github.com/renjfk/tash/internal/data/conversation.go:354.3,357.5 1 9
github.com/renjfk/tash/internal/data/conversation.go:359.2,359.53 1 3
github.com/renjfk/tash/internal/data/conversation.go:359.53,361.3 1 3
github.com/renjfk/tash/internal/data/conversation.go:362.2,362.13 1 3
github.com/renjfk/tash/internal/data/conversation.go:366.42,368.30 2 2
github.com/renjfk/tash/internal/data/conversation.go:368.30,369.25 1 3
github.com/renjfk/tash/internal/data/conversation.go:369.25,371.4 1 2
github.com/renjfk/tash/internal/data/conversation.go:373.2,373.19 1 2
github.com/renjfk/tash/internal/data/conversation.go:378.41,385.2 2 18
github.com/renjfk/tash/internal/data/conversation.go:393.50,398.30 2 1
github.com/renjfk/tash/internal/data/conversation.go:398.30,399.24 1 6
github.com/renjfk/tash/internal/data/conversation.go:399.24,402.4 2 1
github.com/renjfk/tash/internal/data/conversation.go:405.2,407.30 2 1
github.com/renjfk/tash/internal/data/conversation.go:407.30,408.17 1 6
github.com/renjfk/tash/internal/data/conversation.go:409.17,410.12 1 1
github.com/renjfk/tash/internal/data/conversation.go:411.16,413.88 1 1
github.com/renjfk/tash/internal/data/conversation.go:413.88,418.5 1 1
github.com/renjfk/tash/internal/data/conversation.go:419.16,420.76 1 1
github.com/renjfk/tash/internal/data/conversation.go:421.18,422.46 1 2
github.com/renjfk/tash/internal/data/conversation.go:422.46,424.5 1 1
github.com/renjfk/tash/internal/data/conversation.go:425.15,426.81 1 1
github.com/renjfk/tash/internal/data/conversation.go:430.2,430.17 1 1
github.com/renjfk/tash/internal/data/conversation.go:440.66,441.16 1 3
github.com/renjfk/tash/internal/data/conversation.go:441.16,443.3 1 0
github.com/renjfk/tash/internal/data/conversation.go:445.2,447.18 3 3
github.com/renjfk/tash/internal/data/conversation.go:447.18,449.3 1 2
github.com/renjfk/tash/internal/data/conversation.go:451.2,451.30 1 3
github.com/renjfk/tash/internal/data/conversation.go:451.30,452.24 1 26
github.com/renjfk/tash/internal/data/conversation.go:452.24,453.12 1 1
github.com/renjfk/tash/internal/data/conversation.go:455.3,455.19 1 25
github.com/renjfk/tash/internal/data/conversation.go:455.19,457.12 2 2
github.com/renjfk/tash/internal/data/conversation.go:459.3,459.45 1 23
github.com/renjfk/tash/internal/data/conversation.go:459.45,461.4 1 22
github.com/renjfk/tash/internal/data/conversation.go:461.9,461.62 1 1
github.com/renjfk/tash/internal/data/conversation.go:461.62,463.4 1 0
github.com/renjfk/tash/internal/data/conversation.go:466.2,466.26 1 3
github.com/renjfk/tash/internal/data/conversation.go:466.26,468.3 1 1
github.com/renjfk/tash/internal/data/conversation.go:469.2,469.16 1 3
github.com/renjfk/tash/internal/data/conversation.go:472.31,475.33 2 275
github.com/renjfk/tash/internal/data/conversation.go:475.33,478.31 3 11
github.com/renjfk/tash/internal/data/conversation.go:478.31,479.26 1 2811
github.com/renjfk/tash/internal/data/conversation.go:479.26,481.5 1 1
github.com/renjfk/tash/internal/data/conversation.go:481.10,483.5 1 2810
github.com/renjfk/tash/internal/data/conversation.go:485.3,486.15 2 11
github.com/renjfk/tash/internal/data/conversation.go:486.15,488.4 1 0
github.com/renjfk/tash/internal/data/conversation.go:489.3,489.28 1 11
github.com/renjfk/tash/internal/data/conversation.go:489.28,491.4 1 11
github.com/renjfk/tash/internal/data/conversation.go:492.3,492.45 1 11
github.com/renjfk/tash/internal/data/conversation.go:496.39,498.30 2 282
github.com/renjfk/tash/internal/data/conversation.go:498.30,499.25 1 34228
github.com/renjfk/tash/internal/data/conversation.go:499.25,501.4 1 24
github.com/renjfk/tash/internal/data/conversation.go:503.2,503.28 1 282
github.com/renjfk/tash/internal/data/conversation.go:503.28,505.3 1 279
github.com/renjfk/tash/internal/data/conversation.go:507.2,509.30 3 3
github.com/renjfk/tash/internal/data/conversation.go:509.30,510.37 1 14
github.com/renjfk/tash/internal/data/conversation.go:510.37,512.12 2 4
github.com/renjfk/tash/internal/data/conversation.go:514.3,514.33 1 10
github.com/renjfk/tash/internal/data/conversation.go:516.2,516.22 1 3
github.com/renjfk/tash/internal/data/history.go:27.84,29.16 2 5
github.com/renjfk/tash/internal/data/history.go:29.16,31.3 1 1
github.com/renjfk/tash/internal/data/history.go:32.2,39.21 6 4
github.com/renjfk/tash/internal/data/history.go:39.21,42.41 2 40
github.com/renjfk/tash/internal/data/history.go:42.41,43.14 1 20
github.com/renjfk/tash/internal/data/history.go:43.14,45.5 1 16
github.com/renjfk/tash/internal/data/history.go:46.4,48.12 3 20
github.com/renjfk/tash/internal/data/history.go:51.3,51.52 1 20
github.com/renjfk/tash/internal/data/history.go:51.52,53.12 2 20
github.com/renjfk/tash/internal/data/history.go:57.2,57.12 1 4
github.com/renjfk/tash/internal/data/history.go:57.12,59.3 1 4
github.com/renjfk/tash/internal/data/history.go:61.2,61.25 1 4
github.com/renjfk/tash/internal/data/history.go:61.25,63.3 1 3
github.com/renjfk/tash/internal/data/history.go:65.2,66.24 2 1
github.com/renjfk/tash/internal/data/history.go:66.24,67.36 1 5
github.com/renjfk/tash/internal/data/history.go:67.36,69.4 1 3
github.com/renjfk/tash/internal/data/history.go:71.2,71.22 1 1
github.com/renjfk/tash/internal/data/history.go:75.64,77.16 2 1
github.com/renjfk/tash/internal/data/history.go:77.16,79.3 1 0
github.com/renjfk/tash/internal/data/history.go:81.2,86.28 2 1
github.com/renjfk/tash/internal/data/history.go:86.28,88.22 2 5
github.com/renjfk/tash/internal/data/history.go:88.22,89.12 1 0
github.com/renjfk/tash/internal/data/history.go:91.3,93.42 2 5
github.com/renjfk/tash/internal/data/history.go:93.42,95.4 1 0
github.com/renjfk/tash/internal/data/history.go:97.3,97.31 1 5
github.com/renjfk/tash/internal/data/history.go:100.2,100.19 1 1
github.com/renjfk/tash/internal/data/history.go:106.75,107.16 1 4
github.com/renjfk/tash/internal/data/history.go:107.16,109.3 1 0
github.com/renjfk/tash/internal/data/history.go:110.2,110.17 1 4
github.com/renjfk/tash/internal/data/history.go:110.17,112.3 1 0
github.com/renjfk/tash/internal/data/history.go:114.2,115.16 2 4
github.com/renjfk/tash/internal/data/history.go:115.16,117.3 1 1
github.com/renjfk/tash/internal/data/history.go:118.2,125.18 5 3
github.com/renjfk/tash/internal/data/history.go:125.18,127.3 1 1
github.com/renjfk/tash/internal/data/history.go:129.2,130.21 2 3
github.com/renjfk/tash/internal/data/history.go:130.21,132.42 2 30
github.com/renjfk/tash/internal/data/history.go:132.42,133.12 1 15
github.com/renjfk/tash/internal/data/history.go:135.3,137.19 2 15
github.com/renjfk/tash/internal/data/history.go:137.19,138.17 1 5
github.com/renjfk/tash/internal/data/history.go:138.17,139.29 1 5
github.com/renjfk/tash/internal/data/history.go:139.29,140.14 1 4
github.com/renjfk/tash/internal/data/history.go:142.10,142.45 1 0
github.com/renjfk/tash/internal/data/history.go:142.45,143.13 1 0
github.com/renjfk/tash/internal/data/history.go:147.3,148.10 2 11
github.com/renjfk/tash/internal/data/history.go:151.2,151.16 1 3
github.com/renjfk/tash/internal/data/history.go:151.16,153.3 1 0
github.com/renjfk/tash/internal/data/history.go:156.2,157.15 2 3
github.com/renjfk/tash/internal/data/history.go:157.15,159.3 1 1
github.com/renjfk/tash/internal/data/history.go:160.2,162.25 3 3
github.com/renjfk/tash/internal/data/history.go:162.25,164.3 1 8
github.com/renjfk/tash/internal/data/history.go:165.2,165.15 1 3
github.com/renjfk/tash/internal/data/history.go:169.45,179.34 5 2
github.com/renjfk/tash/internal/data/history.go:179.34,181.3 1 3
github.com/renjfk/tash/internal/data/history.go:182.2,182.41 1 2
github.com/renjfk/tash/internal/data/history.go:182.41,182.85 1 3
github.com/renjfk/tash/internal/data/history.go:184.2,185.25 2 2
github.com/renjfk/tash/internal/data/history.go:185.25,187.3 1 2
github.com/renjfk/tash/internal/data/history.go:188.2,188.36 1 2
github.com/renjfk/tash/internal/data/history.go:188.36,190.3 1 3
github.com/renjfk/tash/internal/data/history.go:192.2,192.19 1 2
github.com/renjfk/tash/internal/data/log.go:24.54,25.35 1 5
github.com/renjfk/tash/internal/data/log.go:25.35,27.17 2 2
github.com/renjfk/tash/internal/data/log.go:27.18,27.19 0 2
github.com/renjfk/tash/internal/data/log.go:30.2,34.16 4 3
github.com/renjfk/tash/internal/data/log.go:34.16,36.17 2 0
github.com/renjfk/tash/internal/data/log.go:36.18,36.19 0 0
github.com/renjfk/tash/internal/data/log.go:39.2,43.16 2 3
github.com/renjfk/tash/internal/data/log.go:43.16,43.29 1 3
github.com/renjfk/tash/internal/data/log.go:47.23,50.2 2 1
github.com/renjfk/tash/internal/data/log.go:53.24,56.2 2 1
github.com/renjfk/tash/internal/data/log.go:59.23,62.2 2 1
github.com/renjfk/tash/internal/data/log.go:64.45,66.44 2 6
github.com/renjfk/tash/internal/data/log.go:66.44,68.3 1 4
github.com/renjfk/tash/internal/data/log.go:69.2,70.26 2 2
github.com/renjfk/tash/internal/data/log.go:73.38,74.28 1 11
github.com/renjfk/tash/internal/data/log.go:75.15,76.25 1 3
github.com/renjfk/tash/internal/data/log.go:77.14,78.24 1 4
github.com/renjfk/tash/internal/data/log.go:79.14,80.24 1 1
github.com/renjfk/tash/internal/data/log.go:81.15,82.25 1 1
github.com/renjfk/tash/internal/data/log.go:83.10,84.24 1 2
github.com/renjfk/tash/internal/data/profile.go:16.52,19.16 3 3
github.com/renjfk/tash/internal/data/profile.go:19.16,21.3 1 1
github.com/renjfk/tash/internal/data/profile.go:22.2,22.45 1 2
github.com/renjfk/tash/internal/data/profile.go:26.57,29.2 2 3
github.com/renjfk/tash/internal/data/usage.go:33.109,49.26 8 2
github.com/renjfk/tash/internal/data/usage.go:49.26,51.3 1 1
github.com/renjfk/tash/internal/data/usage.go:52.2,54.34 2 2
github.com/renjfk/tash/internal/data/usage.go:58.53,62.16 3 7
github.com/renjfk/tash/internal/data/usage.go:62.16,64.3 1 3
github.com/renjfk/tash/internal/data/usage.go:66.2,67.52 2 4
github.com/renjfk/tash/internal/data/usage.go:67.52,69.3 1 1
github.com/renjfk/tash/internal/data/usage.go:71.2,71.20 1 3
github.com/renjfk/tash/internal/data/usage.go:75.39,77.63 2 2
github.com/renjfk/tash/internal/data/usage.go:77.63,79.3 1 0
github.com/renjfk/tash/internal/data/usage.go:80.2,80.12 1 2
github.com/renjfk/tash/internal/data/usage.go:83.57,87.16 3 2
github.com/renjfk/tash/internal/data/usage.go:87.16,89.3 1 0
github.com/renjfk/tash/internal/data/usage.go:91.2,91.38 1 2
github.com/renjfk/tash/cmd/tash/main.go:34.13,38.2 1 1
github.com/renjfk/tash/cmd/tash/main.go:40.13,41.22 1 0
github.com/renjfk/tash/cmd/tash/main.go:41.22,44.3 2 0
github.com/renjfk/tash/cmd/tash/main.go:46.2,47.16 2 0
github.com/renjfk/tash/cmd/tash/main.go:47.16,50.3 2 0
github.com/renjfk/tash/cmd/tash/main.go:52.2,57.20 4 0
github.com/renjfk/tash/cmd/tash/main.go:58.15,61.21 3 0
github.com/renjfk/tash/cmd/tash/main.go:61.21,64.4 2 0
github.com/renjfk/tash/cmd/tash/main.go:65.3,66.44 2 0
github.com/renjfk/tash/cmd/tash/main.go:68.14,69.15 1 0
github.com/renjfk/tash/cmd/tash/main.go:71.14,72.15 1 0
github.com/renjfk/tash/cmd/tash/main.go:74.15,75.13 1 0
github.com/renjfk/tash/cmd/tash/main.go:77.15,78.63 1 0
github.com/renjfk/tash/cmd/tash/main.go:78.63,81.4 2 0
github.com/renjfk/tash/cmd/tash/main.go:82.3,82.55 1 0
github.com/renjfk/tash/cmd/tash/main.go:84.15,85.63 1 0
github.com/renjfk/tash/cmd/tash/main.go:85.63,88.4 2 0
github.com/renjfk/tash/cmd/tash/main.go:89.3,89.36 1 0
github.com/renjfk/tash/cmd/tash/main.go:91.17,92.31 1 0
github.com/renjfk/tash/cmd/tash/main.go:94.15,95.16 1 0
github.com/renjfk/tash/cmd/tash/main.go:97.10,100.13 3 0
github.com/renjfk/tash/cmd/tash/main.go:104.82,106.16 2 0
github.com/renjfk/tash/cmd/tash/main.go:106.16,108.3 1 0
github.com/renjfk/tash/cmd/tash/main.go:110.2,111.16 2 0
github.com/renjfk/tash/cmd/tash/main.go:111.16,113.3 1 0
github.com/renjfk/tash/cmd/tash/main.go:114.2,117.16 3 0
github.com/renjfk/tash/cmd/tash/main.go:117.16,120.3 2 0
github.com/renjfk/tash/cmd/tash/main.go:123.2,123.50 1 0
github.com/renjfk/tash/cmd/tash/main.go:123.50,125.3 1 0
github.com/renjfk/tash/cmd/tash/main.go:129.2,129.18 1 0
github.com/renjfk/tash/cmd/tash/main.go:129.18,130.23 1 0
github.com/renjfk/tash/cmd/tash/main.go:130.23,132.4 1 0
github.com/renjfk/tash/cmd/tash/main.go:132.9,134.4 1 0
github.com/renjfk/tash/cmd/tash/main.go:138.32,145.36 5 0
github.com/renjfk/tash/cmd/tash/main.go:145.36,146.21 1 0
github.com/renjfk/tash/cmd/tash/main.go:147.22,148.26 1 0
github.com/renjfk/tash/cmd/tash/main.go:148.26,151.5 2 0
github.com/renjfk/tash/cmd/tash/main.go:152.20,153.26 1 0
github.com/renjfk/tash/cmd/tash/main.go:153.26,156.5 2 0
github.com/renjfk/tash/cmd/tash/main.go:157.20,158.26 1 0
github.com/renjfk/tash/cmd/tash/main.go:158.26,161.5 2 0
github.com/renjfk/tash/cmd/tash/main.go:162.22,163.19 1 0
github.com/renjfk/tash/cmd/tash/main.go:167.2,167.14 1 0
github.com/renjfk/tash/cmd/tash/main.go:167.14,168.51 1 0
github.com/renjfk/tash/cmd/tash/main.go:168.51,170.4 1 0
github.com/renjfk/tash/cmd/tash/main.go:171.3,171.9 1 0
github.com/renjfk/tash/cmd/tash/main.go:174.2,174.65 1 0
github.com/renjfk/tash/cmd/tash/main.go:174.65,177.3 1 0
github.com/renjfk/tash/cmd/tash/main.go:180.32,182.16 2 0
github.com/renjfk/tash/cmd/tash/main.go:182.16,185.3 2 0
github.com/renjfk/tash/cmd/tash/main.go:186.2,186.14 1 0
github.com/renjfk/tash/cmd/tash/main.go:186.14,188.3 1 0
github.com/renjfk/tash/cmd/tash/main.go:190.2,191.16 2 0
github.com/renjfk/tash/cmd/tash/main.go:191.16,194.3 2 0
github.com/renjfk/tash/cmd/tash/main.go:195.2,195.13 1 0
github.com/renjfk/tash/cmd/tash/main.go:195.13,197.3 1 0
github.com/renjfk/tash/cmd/tash/main.go:197.8,197.22 1 0
github.com/renjfk/tash/cmd/tash/main.go:197.22,199.3 1 0
github.com/renjfk/tash/cmd/tash/main.go:201.2,201.49 1 0
github.com/renjfk/tash/cmd/tash/main.go:201.49,203.3 1 0
github.com/renjfk/tash/cmd/tash/main.go:205.2,209.16 4 0
github.com/renjfk/tash/cmd/tash/main.go:209.16,212.3 2 0
github.com/renjfk/tash/cmd/tash/main.go:214.2,216.66 2 0
github.com/renjfk/tash/cmd/tash/main.go:221.27,223.16 2 3
github.com/renjfk/tash/cmd/tash/main.go:223.16,225.3 1 0
github.com/renjfk/tash/cmd/tash/main.go:226.2,227.16 2 3
github.com/renjfk/tash/cmd/tash/main.go:227.16,229.3 1 0
github.com/renjfk/tash/cmd/tash/main.go:230.2,230.17 1 3
github.com/renjfk/tash/cmd/tash/main.go:233.37,235.16 2 2
github.com/renjfk/tash/cmd/tash/main.go:235.16,237.3 1 0
github.com/renjfk/tash/cmd/tash/main.go:239.2,240.51 2 2
github.com/renjfk/tash/cmd/tash/main.go:240.51,242.3 1 0
github.com/renjfk/tash/cmd/tash/main.go:244.2,300.66 4 2
github.com/renjfk/tash/cmd/tash/main.go:300.66,302.3 1 0
github.com/renjfk/tash/cmd/tash/main.go:304.2,305.12 2 2
github.com/renjfk/tash/cmd/tash/main.go:308.33,310.34 1 3
github.com/renjfk/tash/cmd/tash/main.go:310.34,311.23 1 1
github.com/renjfk/tash/cmd/tash/main.go:311.23,312.57 1 1
github.com/renjfk/tash/cmd/tash/main.go:312.57,315.5 2 0
github.com/renjfk/tash/cmd/tash/main.go:316.4,317.10 2 1
github.com/renjfk/tash/cmd/tash/main.go:321.2,322.16 2 2
github.com/renjfk/tash/cmd/tash/main.go:322.16,325.3 2 0
github.com/renjfk/tash/cmd/tash/main.go:327.2,327.27 1 2
github.com/renjfk/tash/cmd/tash/main.go:327.27,330.3 2 1
github.com/renjfk/tash/cmd/tash/main.go:333.2,339.34 7 1
github.com/renjfk/tash/cmd/tash/main.go:339.34,340.19 1 3
github.com/renjfk/tash/cmd/tash/main.go:341.16,344.35 3 2
github.com/renjfk/tash/cmd/tash/main.go:345.18,348.37 3 1
github.com/renjfk/tash/cmd/tash/main.go:352.2,358.20 6 1
github.com/renjfk/tash/cmd/tash/main.go:358.20,360.3 1 1
github.com/renjfk/tash/cmd/tash/main.go:361.2,361.22 1 1
github.com/renjfk/tash/cmd/tash/main.go:361.22,363.3 1 1
github.com/renjfk/tash/cmd/tash/main.go:364.2,364.154 1 1
github.com/renjfk/tash/cmd/tash/main.go:377.17,388.2 10 1
github.com/renjfk/tash/cmd/tash/main.go:391.65,394.33 3 5
github.com/renjfk/tash/cmd/tash/main.go:394.33,395.41 1 10
github.com/renjfk/tash/cmd/tash/main.go:395.41,398.4 2 2
github.com/renjfk/tash/cmd/tash/main.go:398.9,400.4 1 8
github.com/renjfk/tash/cmd/tash/main.go:402.2,402.20 1 5
github.com/renjfk/tash/cmd/tash/rebuild.go:21.76,25.25 3 0
github.com/renjfk/tash/cmd/tash/rebuild.go:25.25,27.3 1 0
github.com/renjfk/tash/cmd/tash/rebuild.go:27.8,29.3 1 0
github.com/renjfk/tash/cmd/tash/rebuild.go:31.2,42.16 3 0
github.com/renjfk/tash/cmd/tash/rebuild.go:42.16,44.3 1 0
github.com/renjfk/tash/cmd/tash/rebuild.go:46.2,46.137 1 0
github.com/renjfk/tash/cmd/tash/rebuild.go:46.137,48.3 1 0
github.com/renjfk/tash/cmd/tash/rebuild.go:50.2,50.51 1 0
github.com/renjfk/tash/cmd/tash/rebuild.go:53.39,70.2 1 1
github.com/renjfk/tash/cmd/tash/rebuild.go:72.39,84.2 1 1
github.com/renjfk/tash/cmd/tash/rebuild.go:86.57,89.32 2 3
github.com/renjfk/tash/cmd/tash/rebuild.go:89.32,93.3 3 1
github.com/renjfk/tash/cmd/tash/rebuild.go:95.2,102.19 6 3
github.com/renjfk/tash/cmd/tash/rebuild.go:105.29,113.47 6 1
github.com/renjfk/tash/cmd/tash/rebuild.go:113.47,115.3 1 1
github.com/renjfk/tash/cmd/tash/rebuild.go:117.2,117.19 1 1
github.com/renjfk/tash/cmd/tash/tick.go:22.84,31.19 3 0
github.com/renjfk/tash/cmd/tash/tick.go:31.19,39.54 2 0
github.com/renjfk/tash/cmd/tash/tick.go:39.54,41.4 1 0
github.com/renjfk/tash/cmd/tash/tick.go:45.2,45.68 1 0
github.com/renjfk/tash/cmd/tash/tick.go:45.68,48.3 2 0
github.com/renjfk/tash/cmd/tash/tick.go:50.2,51.16 2 0
github.com/renjfk/tash/cmd/tash/tick.go:51.16,54.3 2 0
github.com/renjfk/tash/cmd/tash/tick.go:56.2,57.57 2 0
github.com/renjfk/tash/cmd/tash/tick.go:57.57,64.3 2 0
github.com/renjfk/tash/cmd/tash/tick.go:66.2,68.23 3 0
github.com/renjfk/tash/cmd/tash/tick.go:68.23,71.3 2 0
github.com/renjfk/tash/cmd/tash/tick.go:73.2,73.30 1 0
github.com/renjfk/tash/cmd/tash/tick.go:73.30,76.3 2 0
github.com/renjfk/tash/cmd/tash/tick.go:78.2,79.21 2 0
github.com/renjfk/tash/cmd/tash/tick.go:89.53,99.16 7 0
github.com/renjfk/tash/cmd/tash/tick.go:99.16,101.3 1 0
github.com/renjfk/tash/cmd/tash/tick.go:102.2,111.16 4 0
github.com/renjfk/tash/cmd/tash/tick.go:111.16,113.3 1 0
github.com/renjfk/tash/cmd/tash/tick.go:114.2,116.60 2 0
github.com/renjfk/tash/cmd/tash/tick.go:116.60,118.3 1 0
github.com/renjfk/tash/cmd/tash/tick.go:120.2,121.68 2 0
github.com/renjfk/tash/cmd/tash/tick.go:121.68,123.3 1 0
github.com/renjfk/tash/cmd/tash/tick.go:125.2,129.8 1 0
github.com/renjfk/tash/cmd/tash/tick.go:132.51,144.16 8 0
github.com/renjfk/tash/cmd/tash/tick.go:144.16,146.3 1 0
github.com/renjfk/tash/cmd/tash/tick.go:148.2,148.23 1 0
github.com/renjfk/tash/cmd/tash/tick.go:148.23,151.3 2 0
github.com/renjfk/tash/cmd/tash/tick.go:153.2,159.28 3 0
github.com/renjfk/tash/cmd/tash/tick.go:159.28,161.21 2 0
github.com/renjfk/tash/cmd/tash/tick.go:161.21,163.4 1 0
github.com/renjfk/tash/cmd/tash/tick.go:166.2,168.27 3 0
github.com/renjfk/tash/cmd/tash/tick.go:168.27,170.3 1 0
github.com/renjfk/tash/cmd/tash/tick.go:172.2,182.16 4 0
github.com/renjfk/tash/cmd/tash/tick.go:182.16,184.3 1 0
github.com/renjfk/tash/cmd/tash/tick.go:186.2,186.47 1 0
github.com/renjfk/tash/cmd/tash/tick.go:186.47,189.3 2 0
github.com/renjfk/tash/cmd/tash/tick.go:191.2,191.60 1 0
github.com/renjfk/tash/cmd/tash/tick.go:191.60,193.3 1 0
github.com/renjfk/tash/cmd/tash/tick.go:195.2,196.52 2 0
github.com/renjfk/tash/cmd/tash/tick.go:199.42,200.39 1 0
github.com/renjfk/tash/cmd/tash/tick.go:200.39,203.3 2 0
github.com/renjfk/tash/cmd/tash/tick.go:204.2,204.82 1 0
github.com/renjfk/tash/cmd/tash/tick.go:207.25,209.16 2 0
github.com/renjfk/tash/cmd/tash/tick.go:209.16,211.3 1 0
github.com/renjfk/tash/cmd/tash/tick.go:213.2,218.36 5 0
github.com/renjfk/tash/cmd/tash/tick.go:218.36,220.3 1 0
github.com/renjfk/tash/cmd/tash/tick.go:222.2,223.12 2 0
github.com/renjfk/tash/cmd/tash/tick.go:226.52,228.20 2 18
github.com/renjfk/tash/cmd/tash/tick.go:228.20,230.3 1 4
github.com/renjfk/tash/cmd/tash/tick.go:232.2,232.26 1 14
github.com/renjfk/tash/cmd/tash/tick.go:232.26,235.29 1 50
github.com/renjfk/tash/cmd/tash/tick.go:235.29,237.4 1 2
github.com/renjfk/tash/cmd/tash/tick.go:240.2,240.49 1 12
github.com/renjfk/tash/cmd/tash/tick.go:240.49,242.3 1 8
github.com/renjfk/tash/cmd/tash/tick.go:244.2,244.30 1 4
github.com/renjfk/tash/cmd/tash/tick.go:244.30,245.61 1 10
github.com/renjfk/tash/cmd/tash/tick.go:245.61,247.4 1 1
github.com/renjfk/tash/cmd/tash/tick.go:250.2,250.13 1 3
github.com/renjfk/tash/cmd/tash/tick.go:253.52,255.16 2 2
github.com/renjfk/tash/cmd/tash/tick.go:255.16,257.3 1 1
github.com/renjfk/tash/cmd/tash/tick.go:258.2,258.63 1 1
github.com/renjfk/tash/cmd/tash/tick.go:261.54,264.2 2 1
github.com/renjfk/tash/cmd/tash/tick.go:266.43,268.16 2 4
github.com/renjfk/tash/cmd/tash/tick.go:268.16,270.3 1 1
github.com/renjfk/tash/cmd/tash/tick.go:272.2,273.16 2 3
github.com/renjfk/tash/cmd/tash/tick.go:273.16,275.3 1 1
github.com/renjfk/tash/cmd/tash/tick.go:277.2,278.16 2 2
github.com/renjfk/tash/cmd/tash/tick.go:278.16,280.3 1 0
github.com/renjfk/tash/cmd/tash/tick.go:282.2,283.16 2 2
github.com/renjfk/tash/cmd/tash/tick.go:283.16,285.3 1 0
github.com/renjfk/tash/cmd/tash/tick.go:286.2,286.19 1 2
github.com/renjfk/tash/cmd/tash/tick.go:289.35,293.2 3 3
github.com/renjfk/tash/cmd/tash/tick.go:295.36,297.2 1 1
github.com/renjfk/tash/cmd/tash/tick.go:300.26,302.19 2 4
github.com/renjfk/tash/cmd/tash/tick.go:302.19,304.3 1 1
github.com/renjfk/tash/cmd/tash/tick.go:306.2,310.27 4 3
github.com/renjfk/tash/cmd/tash/tick.go:310.27,312.17 2 4
github.com/renjfk/tash/cmd/tash/tick.go:312.17,313.12 1 1
github.com/renjfk/tash/cmd/tash/tick.go:316.3,316.33 1 3
github.com/renjfk/tash/cmd/tash/tick.go:316.33,317.21 1 7
github.com/renjfk/tash/cmd/tash/tick.go:317.21,318.13 1 1
github.com/renjfk/tash/cmd/tash/tick.go:321.4,322.18 2 6
github.com/renjfk/tash/cmd/tash/tick.go:322.18,323.13 1 1
github.com/renjfk/tash/cmd/tash/tick.go:326.4,328.18 3 5
github.com/renjfk/tash/cmd/tash/tick.go:328.18,329.13 1 0
github.com/renjfk/tash/cmd/tash/tick.go:331.4,331.29 1 5
github.com/renjfk/tash/cmd/tash/tick.go:331.29,334.5 2 4
github.com/renjfk/tash/cmd/tash/tick.go:338.2,339.17 2 3
github.com/renjfk/tash/internal/ai/client.go:58.42,65.2 1 9
github.com/renjfk/tash/internal/ai/client.go:70.59,72.18 2 8
github.com/renjfk/tash/internal/ai/client.go:72.18,74.3 1 1
github.com/renjfk/tash/internal/ai/client.go:77.2,78.22 2 7
github.com/renjfk/tash/internal/ai/client.go:78.22,80.3 1 1
github.com/renjfk/tash/internal/ai/client.go:81.2,81.33 1 7
github.com/renjfk/tash/internal/ai/client.go:81.33,83.3 1 7
github.com/renjfk/tash/internal/ai/client.go:85.2,86.20 2 7
github.com/renjfk/tash/internal/ai/client.go:86.20,88.3 1 1
github.com/renjfk/tash/internal/ai/client.go:90.2,97.16 3 7
github.com/renjfk/tash/internal/ai/client.go:97.16,99.3 1 0
github.com/renjfk/tash/internal/ai/client.go:101.2,111.16 4 7
github.com/renjfk/tash/internal/ai/client.go:111.16,113.3 1 0
github.com/renjfk/tash/internal/ai/client.go:115.2,120.16 5 7
github.com/renjfk/tash/internal/ai/client.go:120.16,122.3 1 0
github.com/renjfk/tash/internal/ai/client.go:123.2,123.15 1 7
github.com/renjfk/tash/internal/ai/client.go:123.15,123.40 1 7
github.com/renjfk/tash/internal/ai/client.go:124.2,127.16 3 7
github.com/renjfk/tash/internal/ai/client.go:127.16,129.3 1 0
github.com/renjfk/tash/internal/ai/client.go:131.2,137.38 2 7
github.com/renjfk/tash/internal/ai/client.go:137.38,139.3 1 1
github.com/renjfk/tash/internal/ai/client.go:141.2,142.59 2 6
github.com/renjfk/tash/internal/ai/client.go:142.59,144.3 1 1
github.com/renjfk/tash/internal/ai/client.go:146.2,146.31 1 5
github.com/renjfk/tash/internal/ai/client.go:146.31,148.3 1 1
github.com/renjfk/tash/internal/ai/client.go:150.2,163.8 2 4
github.com/renjfk/tash/internal/ai/client.go:170.56,175.48 4 12
github.com/renjfk/tash/internal/ai/client.go:175.48,177.17 2 15
github.com/renjfk/tash/internal/ai/client.go:177.17,178.12 1 0
github.com/renjfk/tash/internal/ai/client.go:180.3,181.61 2 15
github.com/renjfk/tash/internal/ai/client.go:181.61,183.39 1 3
github.com/renjfk/tash/internal/ai/client.go:183.39,184.79 1 1
github.com/renjfk/tash/internal/ai/client.go:184.79,186.14 2 0
github.com/renjfk/tash/internal/ai/client.go:188.10,190.13 2 2
github.com/renjfk/tash/internal/ai/client.go:193.3,193.22 1 13
github.com/renjfk/tash/internal/ai/client.go:193.22,194.12 1 1
github.com/renjfk/tash/internal/ai/client.go:197.3,197.46 1 12
github.com/renjfk/tash/internal/ai/client.go:197.46,199.4 1 1
github.com/renjfk/tash/internal/ai/client.go:200.3,201.38 2 12
github.com/renjfk/tash/internal/ai/client.go:204.2,204.25 1 12
github.com/renjfk/tash/internal/ai/client.go:204.25,207.3 1 1
github.com/renjfk/tash/internal/ai/client.go:209.2,209.23 1 11
github.com/renjfk/tash/internal/ai/client.go:214.36,218.30 4 6
github.com/renjfk/tash/internal/ai/client.go:218.30,220.46 2 167
github.com/renjfk/tash/internal/ai/client.go:220.46,222.4 1 28
github.com/renjfk/tash/internal/ai/client.go:223.3,223.45 1 167
github.com/renjfk/tash/internal/ai/client.go:223.45,225.16 2 8
github.com/renjfk/tash/internal/ai/client.go:226.54,226.54 0 2
github.com/renjfk/tash/internal/ai/client.go:228.12,230.22 1 6
github.com/renjfk/tash/internal/ai/client.go:233.3,233.18 1 167
github.com/renjfk/tash/internal/ai/client.go:235.2,235.19 1 6
github.com/renjfk/tash/internal/ai/client.go:238.39,240.44 2 16
github.com/renjfk/tash/internal/ai/client.go:240.44,242.3 1 3
github.com/renjfk/tash/internal/ai/client.go:243.2,243.10 1 16
github.com/renjfk/tash/internal/ai/client.go:246.57,247.29 1 20
github.com/renjfk/tash/internal/ai/client.go:247.29,248.41 1 34
github.com/renjfk/tash/internal/ai/client.go:248.41,250.4 1 6
github.com/renjfk/tash/internal/ai/client.go:252.2,252.10 1 14
github.com/renjfk/tash/internal/ai/client.go:255.38,256.45 1 20
github.com/renjfk/tash/internal/ai/client.go:256.45,257.35 1 748
github.com/renjfk/tash/internal/ai/client.go:257.35,259.4 1 5
github.com/renjfk/tash/internal/ai/client.go:261.2,261.11 1 15
github.com/renjfk/tash/internal/ai/prompt.go:50.100,53.27 2 5
github.com/renjfk/tash/internal/ai/prompt.go:53.27,55.36 2 3
github.com/renjfk/tash/internal/ai/prompt.go:55.36,56.25 1 4
github.com/renjfk/tash/internal/ai/prompt.go:56.25,58.5 1 1
github.com/renjfk/tash/internal/ai/prompt.go:58.10,60.5 1 3
github.com/renjfk/tash/internal/ai/prompt.go:62.3,62.22 1 3
github.com/renjfk/tash/internal/ai/prompt.go:65.2,65.26 1 5
github.com/renjfk/tash/internal/ai/prompt.go:65.26,67.33 2 2
github.com/renjfk/tash/internal/ai/prompt.go:67.33,69.4 1 2
github.com/renjfk/tash/internal/ai/prompt.go:70.3,70.22 1 2
github.com/renjfk/tash/internal/ai/prompt.go:73.2,75.19 2 5
